
> d-report@0.1.0 build
> next build

   Γû▓ Next.js 16.0.7 (Turbopack)
   - Environments: .env

   Creating an optimized production build ...
node.exe : 
At C:\Users\user\AppData\Roaming\npm\npm.ps1:24 char:5
+     & "node$exe"  "$basedir/node_modules/npm/bin/npm-cli.js" 
$args
+     
~~~~~~~~~~~~~~~~~~~~~~~~~~~~~~~~~~~~~~~~~~~~~~~~~~~~~~~~~~~~~~
    + CategoryInfo          : NotSpecified: (:String) [], Remote 
   Exception
    + FullyQualifiedErrorId : NativeCommandError
 
> Build error occurred
Error: Turbopack build failed with 4 errors:
./app/api/workspaces/[id]/reports/generate/route.ts:11:1
Module not found: Can't resolve 
'@/reports/templates/attendance-template'
[0m [90m  9 |[39m [36mimport[39m { 
[33mCertificateTemplate[39m[33m,[39m 
[33mCertificateData[39m } [36mfrom[39m 
[32m'@/reports/templates/certificate-template'[39m
 [90m 10 |[39m [36mimport[39m { 
[33mReceiptTemplate[39m[33m,[39m [33mReceiptData[39m } 
[36mfrom[39m [32m'@/reports/templates/receipt-template'[39m
[31m[1m>[22m[39m[90m 11 |[39m [36mimport[39m { 
[33mAttendanceTemplate[39m[33m,[39m [33mAttendanceData[39m 
} [36mfrom[39m 
[32m'@/reports/templates/attendance-template'[39m
 [90m    |[39m [31m[1m^[22m[39m[31m[1m^[22m[39m[31m[1
m^[22m[39m[31m[1m^[22m[39m[31m[1m^[22m[39m[31m[1m^[2
2m[39m[31m[1m^[22m[39m[31m[1m^[22m[39m[31m[1m^[22m[3
9m[31m[1m^[22m[39m[31m[1m^[22m[39m[31m[1m^[22m[39m[3
1m[1m^[22m[39m[31m[1m^[22m[39m[31m[1m^[22m[39m[31m[1
m^[22m[39m[31m[1m^[22m[39m[31m[1m^[22m[39m[31m[1m^[2
2m[39m[31m[1m^[22m[39m[31m[1m^[22m[39m[31m[1m^[22m[3
9m[31m[1m^[22m[39m[31m[1m^[22m[39m[31m[1m^[22m[39m[3
1m[1m^[22m[39m[31m[1m^[22m[39m[31m[1m^[22m[39m[31m[1
m^[22m[39m[31m[1m^[22m[39m[31m[1m^[22m[39m[31m[1m^[2
2m[39m[31m[1m^[22m[39m[31m[1m^[22m[39m[31m[1m^[22m[3
9m[31m[1m^[22m[39m[31m[1m^[22m[39m[31m[1m^[22m[39m[3
1m[1m^[22m[39m[31m[1m^[22m[39m[31m[1m^[22m[39m[31m[1
m^[22m[39m[31m[1m^[22m[39m[31m[1m^[22m[39m[31m[1m^[2
2m[39m[31m[1m^[22m[39m[31m[1m^[22m[39m[31m[1m^[22m[3
9m[31m[1m^[22m[39m[31m[1m^[22m[39m[31m[1m^[22m[39m[3
1m[1m^[22m[39m[31m[1m^[22m[39m[31m[1m^[22m[39m[31m[1
m^[22m[39m[31m[1m^[22m[39m[31m[1m^[22m[39m[31m[1m^[2
2m[39m[31m[1m^[22m[39m[31m[1m^[22m[39m[31m[1m^[22m[3
9m[31m[1m^[22m[39m[31m[1m^[22m[39m[31m[1m^[22m[39m[3
1m[1m^[22m[39m[31m[1m^[22m[39m[31m[1m^[22m[39m[31m[1
m^[22m[39m[31m[1m^[22m[39m[31m[1m^[22m[39m[31m[1m^[2
2m[39m[31m[1m^[22m[39m[31m[1m^[22m[39m[31m[1m^[22m[3
9m[31m[1m^[22m[39m[31m[1m^[22m[39m[31m[1m^[22m[39m[3
1m[1m^[22m[39m[31m[1m^[22m[39m[31m[1m^[22m[39m[31m[1
m^[22m[39m[31m[1m^[22m[39m[31m[1m^[22m[39m[31m[1m^[2
2m[39m[31m[1m^[22m[39m[31m[1m^[22m[39m[31m[1m^[22m[3
9m[31m[1m^[22m[39m[31m[1m^[22m[39m[31m[1m^[22m[39m[3
1m[1m^[22m[39m[31m[1m^[22m[39m
 [90m 12 |[39m [36mimport[39m archiver [36mfrom[39m 
[32m'archiver'[39m
 [90m 13 |[39m [36mimport[39m [33mReact[39m [36mfrom[39m 
[32m'react'[39m
 [90m 14 |[39m[0m

Import map: aliased to relative 
'./reports/templates/attendance-template' inside of [project]/


https://nextjs.org/docs/messages/module-not-found


./app/api/workspaces/[id]/reports/generate/route.ts:9:1
Module not found: Can't resolve 
'@/reports/templates/certificate-template'
[0m [90m  7 |[39m [36mimport[39m { generateQRCode } 
[36mfrom[39m [32m'@/lib/qr-generator'[39m
 [90m  8 |[39m [36mimport[39m { 
[33mTranscriptTemplate[39m[33m,[39m [33mTranscriptData[39m 
} [36mfrom[39m 
[32m'@/reports/templates/transcript-template'[39m
[31m[1m>[22m[39m[90m  9 |[39m [36mimport[39m { 
[33mCertificateTemplate[39m[33m,[39m 
[33mCertificateData[39m } [36mfrom[39m 
[32m'@/reports/templates/certificate-template'[39m
 [90m    |[39m [31m[1m^[22m[39m[31m[1m^[22m[39m[31m[1
m^[22m[39m[31m[1m^[22m[39m[31m[1m^[22m[39m[31m[1m^[2
2m[39m[31m[1m^[22m[39m[31m[1m^[22m[39m[31m[1m^[22m[3
9m[31m[1m^[22m[39m[31m[1m^[22m[39m[31m[1m^[22m[39m[3
1m[1m^[22m[39m[31m[1m^[22m[39m[31m[1m^[22m[39m[31m[1
m^[22m[39m[31m[1m^[22m[39m[31m[1m^[22m[39m[31m[1m^[2
2m[39m[31m[1m^[22m[39m[31m[1m^[22m[39m[31m[1m^[22m[3
9m[31m[1m^[22m[39m[31m[1m^[22m[39m[31m[1m^[22m[39m[3
1m[1m^[22m[39m[31m[1m^[22m[39m[31m[1m^[22m[39m[31m[1
m^[22m[39m[31m[1m^[22m[39m[31m[1m^[22m[39m[31m[1m^[2
2m[39m[31m[1m^[22m[39m[31m[1m^[22m[39m[31m[1m^[22m[3
9m[31m[1m^[22m[39m[31m[1m^[22m[39m[31m[1m^[22m[39m[3
1m[1m^[22m[39m[31m[1m^[22m[39m[31m[1m^[22m[39m[31m[1
m^[22m[39m[31m[1m^[22m[39m[31m[1m^[22m[39m[31m[1m^[2
2m[39m[31m[1m^[22m[39m[31m[1m^[22m[39m[31m[1m^[22m[3
9m[31m[1m^[22m[39m[31m[1m^[22m[39m[31m[1m^[22m[39m[3
1m[1m^[22m[39m[31m[1m^[22m[39m[31m[1m^[22m[39m[31m[1
m^[22m[39m[31m[1m^[22m[39m[31m[1m^[22m[39m[31m[1m^[2
2m[39m[31m[1m^[22m[39m[31m[1m^[22m[39m[31m[1m^[22m[3
9m[31m[1m^[22m[39m[31m[1m^[22m[39m[31m[1m^[22m[39m[3
1m[1m^[22m[39m[31m[1m^[22m[39m[31m[1m^[22m[39m[31m[1
m^[22m[39m[31m[1m^[22m[39m[31m[1m^[22m[39m[31m[1m^[2
2m[39m[31m[1m^[22m[39m[31m[1m^[22m[39m[31m[1m^[22m[3
9m[31m[1m^[22m[39m[31m[1m^[22m[39m[31m[1m^[22m[39m[3
1m[1m^[22m[39m[31m[1m^[22m[39m[31m[1m^[22m[39m[31m[1
m^[22m[39m[31m[1m^[22m[39m[31m[1m^[22m[39m[31m[1m^[2
2m[39m[31m[1m^[22m[39m[31m[1m^[22m[39m[31m[1m^[22m[3
9m[31m[1m^[22m[39m[31m[1m^[22m[39m[31m[1m^[22m[39m[3
1m[1m^[22m[39m[31m[1m^[22m[39m[31m[1m^[22m[39m[31m[1
m^[22m[39m[31m[1m^[22m[39m
 [90m 10 |[39m [36mimport[39m { 
[33mReceiptTemplate[39m[33m,[39m [33mReceiptData[39m } 
[36mfrom[39m [32m'@/reports/templates/receipt-template'[39m
 [90m 11 |[39m [36mimport[39m { 
[33mAttendanceTemplate[39m[33m,[39m [33mAttendanceData[39m 
} [36mfrom[39m 
[32m'@/reports/templates/attendance-template'[39m
 [90m 12 |[39m [36mimport[39m archiver [36mfrom[39m 
[32m'archiver'[39m[0m

Import map: aliased to relative 
'./reports/templates/certificate-template' inside of [project]/


https://nextjs.org/docs/messages/module-not-found


./app/api/workspaces/[id]/reports/generate/route.ts:10:1
Module not found: Can't resolve 
'@/reports/templates/receipt-template'
[0m [90m  8 |[39m [36mimport[39m { 
[33mTranscriptTemplate[39m[33m,[39m [33mTranscriptData[39m 
} [36mfrom[39m 
[32m'@/reports/templates/transcript-template'[39m
 [90m  9 |[39m [36mimport[39m { 
[33mCertificateTemplate[39m[33m,[39m 
[33mCertificateData[39m } [36mfrom[39m 
[32m'@/reports/templates/certificate-template'[39m
[31m[1m>[22m[39m[90m 10 |[39m [36mimport[39m { 
[33mReceiptTemplate[39m[33m,[39m [33mReceiptData[39m } 
[36mfrom[39m [32m'@/reports/templates/receipt-template'[39m
 [90m    |[39m [31m[1m^[22m[39m[31m[1m^[22m[39m[31m[1
m^[22m[39m[31m[1m^[22m[39m[31m[1m^[22m[39m[31m[1m^[2
2m[39m[31m[1m^[22m[39m[31m[1m^[22m[39m[31m[1m^[22m[3
9m[31m[1m^[22m[39m[31m[1m^[22m[39m[31m[1m^[22m[39m[3
1m[1m^[22m[39m[31m[1m^[22m[39m[31m[1m^[22m[39m[31m[1
m^[22m[39m[31m[1m^[22m[39m[31m[1m^[22m[39m[31m[1m^[2
2m[39m[31m[1m^[22m[39m[31m[1m^[22m[39m[31m[1m^[22m[3
9m[31m[1m^[22m[39m[31m[1m^[22m[39m[31m[1m^[22m[39m[3
1m[1m^[22m[39m[31m[1m^[22m[39m[31m[1m^[22m[39m[31m[1
m^[22m[39m[31m[1m^[22m[39m[31m[1m^[22m[39m[31m[1m^[2
2m[39m[31m[1m^[22m[39m[31m[1m^[22m[39m[31m[1m^[22m[3
9m[31m[1m^[22m[39m[31m[1m^[22m[39m[31m[1m^[22m[39m[3
1m[1m^[22m[39m[31m[1m^[22m[39m[31m[1m^[22m[39m[31m[1
m^[22m[39m[31m[1m^[22m[39m[31m[1m^[22m[39m[31m[1m^[2
2m[39m[31m[1m^[22m[39m[31m[1m^[22m[39m[31m[1m^[22m[3
9m[31m[1m^[22m[39m[31m[1m^[22m[39m[31m[1m^[22m[39m[3
1m[1m^[22m[39m[31m[1m^[22m[39m[31m[1m^[22m[39m[31m[1
m^[22m[39m[31m[1m^[22m[39m[31m[1m^[22m[39m[31m[1m^[2
2m[39m[31m[1m^[22m[39m[31m[1m^[22m[39m[31m[1m^[22m[3
9m[31m[1m^[22m[39m[31m[1m^[22m[39m[31m[1m^[22m[39m[3
1m[1m^[22m[39m[31m[1m^[22m[39m[31m[1m^[22m[39m[31m[1
m^[22m[39m[31m[1m^[22m[39m[31m[1m^[22m[39m[31m[1m^[2
2m[39m[31m[1m^[22m[39m[31m[1m^[22m[39m[31m[1m^[22m[3
9m[31m[1m^[22m[39m[31m[1m^[22m[39m[31m[1m^[22m[39m[3
1m[1m^[22m[39m[31m[1m^[22m[39m[31m[1m^[22m[39m[31m[1
m^[22m[39m[31m[1m^[22m[39m[31m[1m^[22m[39m
 [90m 11 |[39m [36mimport[39m { 
[33mAttendanceTemplate[39m[33m,[39m [33mAttendanceData[39m 
} [36mfrom[39m 
[32m'@/reports/templates/attendance-template'[39m
 [90m 12 |[39m [36mimport[39m archiver [36mfrom[39m 
[32m'archiver'[39m
 [90m 13 |[39m [36mimport[39m [33mReact[39m [36mfrom[39m 
[32m'react'[39m[0m

Import map: aliased to relative 
'./reports/templates/receipt-template' inside of [project]/


https://nextjs.org/docs/messages/module-not-found


./app/api/workspaces/[id]/reports/generate/route.ts:8:1
Module not found: Can't resolve 
'@/reports/templates/transcript-template'
[0m [90m  6 |[39m [36mimport[39m { generateReferenceNumber 
} [36mfrom[39m [32m'@/lib/reference-generator'[39m
 [90m  7 |[39m [36mimport[39m { generateQRCode } 
[36mfrom[39m [32m'@/lib/qr-generator'[39m
[31m[1m>[22m[39m[90m  8 |[39m [36mimport[39m { 
[33mTranscriptTemplate[39m[33m,[39m [33mTranscriptData[39m 
} [36mfrom[39m 
[32m'@/reports/templates/transcript-template'[39m
 [90m    |[39m [31m[1m^[22m[39m[31m[1m^[22m[39m[31m[1
m^[22m[39m[31m[1m^[22m[39m[31m[1m^[22m[39m[31m[1m^[2
2m[39m[31m[1m^[22m[39m[31m[1m^[22m[39m[31m[1m^[22m[3
9m[31m[1m^[22m[39m[31m[1m^[22m[39m[31m[1m^[22m[39m[3
1m[1m^[22m[39m[31m[1m^[22m[39m[31m[1m^[22m[39m[31m[1
m^[22m[39m[31m[1m^[22m[39m[31m[1m^[22m[39m[31m[1m^[2
2m[39m[31m[1m^[22m[39m[31m[1m^[22m[39m[31m[1m^[22m[3
9m[31m[1m^[22m[39m[31m[1m^[22m[39m[31m[1m^[22m[39m[3
1m[1m^[22m[39m[31m[1m^[22m[39m[31m[1m^[22m[39m[31m[1
m^[22m[39m[31m[1m^[22m[39m[31m[1m^[22m[39m[31m[1m^[2
2m[39m[31m[1m^[22m[39m[31m[1m^[22m[39m[31m[1m^[22m[3
9m[31m[1m^[22m[39m[31m[1m^[22m[39m[31m[1m^[22m[39m[3
1m[1m^[22m[39m[31m[1m^[22m[39m[31m[1m^[22m[39m[31m[1
m^[22m[39m[31m[1m^[22m[39m[31m[1m^[22m[39m[31m[1m^[2
2m[39m[31m[1m^[22m[39m[31m[1m^[22m[39m[31m[1m^[22m[3
9m[31m[1m^[22m[39m[31m[1m^[22m[39m[31m[1m^[22m[39m[3
1m[1m^[22m[39m[31m[1m^[22m[39m[31m[1m^[22m[39m[31m[1
m^[22m[39m[31m[1m^[22m[39m[31m[1m^[22m[39m[31m[1m^[2
2m[39m[31m[1m^[22m[39m[31m[1m^[22m[39m[31m[1m^[22m[3
9m[31m[1m^[22m[39m[31m[1m^[22m[39m[31m[1m^[22m[39m[3
1m[1m^[22m[39m[31m[1m^[22m[39m[31m[1m^[22m[39m[31m[1
m^[22m[39m[31m[1m^[22m[39m[31m[1m^[22m[39m[31m[1m^[2
2m[39m[31m[1m^[22m[39m[31m[1m^[22m[39m[31m[1m^[22m[3
9m[31m[1m^[22m[39m[31m[1m^[22m[39m[31m[1m^[22m[39m[3
1m[1m^[22m[39m[31m[1m^[22m[39m[31m[1m^[22m[39m[31m[1
m^[22m[39m[31m[1m^[22m[39m[31m[1m^[22m[39m[31m[1m^[2
2m[39m[31m[1m^[22m[39m[31m[1m^[22m[39m[31m[1m^[22m[3
9m[31m[1m^[22m[39m[31m[1m^[22m[39m[31m[1m^[22m[39m[3
1m[1m^[22m[39m[31m[1m^[22m[39m
 [90m  9 |[39m [36mimport[39m { 
[33mCertificateTemplate[39m[33m,[39m 
[33mCertificateData[39m } [36mfrom[39m 
[32m'@/reports/templates/certificate-template'[39m
 [90m 10 |[39m [36mimport[39m { 
[33mReceiptTemplate[39m[33m,[39m [33mReceiptData[39m } 
[36mfrom[39m [32m'@/reports/templates/receipt-template'[39m
 [90m 11 |[39m [36mimport[39m { 
[33mAttendanceTemplate[39m[33m,[39m [33mAttendanceData[39m 
} [36mfrom[39m 
[32m'@/reports/templates/attendance-template'[39m[0m

Import map: aliased to relative 
'./reports/templates/transcript-template' inside of [project]/


https://nextjs.org/docs/messages/module-not-found


    at <unknown> 
(./app/api/workspaces/[id]/reports/generate/route.ts:11:1)
    at <unknown> 
(https://nextjs.org/docs/messages/module-not-found)
    at <unknown> 
(./app/api/workspaces/[id]/reports/generate/route.ts:9:1)
    at <unknown> 
(https://nextjs.org/docs/messages/module-not-found)
    at <unknown> 
(./app/api/workspaces/[id]/reports/generate/route.ts:10:1)
    at <unknown> 
(https://nextjs.org/docs/messages/module-not-found)
    at <unknown> 
(./app/api/workspaces/[id]/reports/generate/route.ts:8:1)
    at <unknown> 
(https://nextjs.org/docs/messages/module-not-found)
